******************************************************************************
                  TI ARM Linker PC v5.2.4                      
******************************************************************************
>> Linked Thu Apr 07 15:20:12 2016

OUTPUT FILE NAME:   <3200ExositeDemo.out>
ENTRY POINT SYMBOL: "_c_int00"  address: 20014145


MEMORY CONFIGURATION

         name            origin    length      used     unused   attr    fill
----------------------  --------  ---------  --------  --------  ----  --------
  SRAM_CODE             20004000   00013000  0001184c  000017b4  RW X
  SRAM_DATA             20017000   00019000  0000a388  0000ec78  RW X


SEGMENT ALLOCATION MAP

run origin  load origin   length   init length attrs members
----------  ----------- ---------- ----------- ----- -------
20004000    20004000    00011850   00011850    r-x
  20004000    20004000    00000400   00000400    r-- .intvecs
  20004400    20004400    00010ab0   00010ab0    r-x .text
  20014eb0    20014eb0    0000083c   0000083c    r-- .const
  200156f0    200156f0    00000160   00000160    r-- .cinit
20017000    20017000    0000638c   00000000    rw-
  20017000    20017000    00004000   00000000    rw- .sysmem
  2001b000    2001b000    00001efc   00000000    rw- .bss
  2001cf00    2001cf00    0000048c   00000000    rw- .data
2002c000    2002c000    00004000   00000000    rw-
  2002c000    2002c000    00004000   00000000    rw- .stack


SECTION ALLOCATION MAP

 output                                  attributes/
section   page    origin      length       input sections
--------  ----  ----------  ----------   ----------------
.intvecs   0    20004000    00000400     
                  20004000    00000400     startup_ccs.obj (.intvecs)

.init_array 
*          0    20004000    00000000     UNINITIALIZED

.text      0    20004400    00010ab0     
                  20004400    0000140c     main.obj (.text)
                  2000580c    00001258     free_rtos.a : tasks.obj (.text)
                  20006a64    000010a6     rtsv7M4_T_le_eabi.lib : _printfi.obj (.text)
                  20007b0a    00000002     driverlib.a : interrupt.obj (.text:IntDefaultHandler)
                  20007b0c    00000ec8     exosite_http.obj (.text)
                  200089d4    00000d34     utility.obj (.text)
                  20009708    00000b24     free_rtos.a : queue.obj (.text)
                  2000a22c    000009c8     exosite_pal_cc3200.obj (.text)
                  2000abf4    00000906     rtsv7M4_T_le_eabi.lib : _scanfi.obj (.text)
                  2000b4fa    00000002     --HOLE-- [fill = 0]
                  2000b4fc    000005ec     simplelink.a : driver.obj (.text:_SlDrvMsgRead)
                  2000bae8    00000480     rtsv7M4_T_le_eabi.lib : pow.obj (.text)
                  2000bf68    0000045c     free_rtos.a : osi_freertos.obj (.text)
                  2000c3c4    0000040c     tmp006drv.obj (.text)
                  2000c7d0    000003dc     rtsv7M4_T_le_eabi.lib : memory.obj (.text)
                  2000cbac    00000394     gpio_if.obj (.text)
                  2000cf40    0000030c     rtsv7M4_T_le_eabi.lib : lowlev.obj (.text)
                  2000d24c    000002e4                           : xlog.obj (.text)
                  2000d530    000002d4                           : trgdrv.obj (.text)
                  2000d804    000002b0     uart_if.obj (.text)
                  2000dab4    00000290     i2c_if.obj (.text)
                  2000dd44    00000248     simplelink.a : driver.obj (.text:_SlDrvRxHdrRead)
                  2000df8c    00000238     rtsv7M4_T_le_eabi.lib : strtod.obj (.text)
                  2000e1c4    00000228                           : strtold.obj (.text)
                  2000e3ec    000001fc                           : xexp.obj (.text)
                  2000e5e8    000001f4                           : ull_div_t2.obj (.text)
                  2000e7dc    000001ec     bma222drv.obj (.text)
                  2000e9c8    000001e4     rtsv7M4_T_le_eabi.lib : strtoll.obj (.text)
                  2000ebac    000001d0     simplelink.a : driver.obj (.text:_SlDrvReleasePoolObj)
                  2000ed7c    000001cc                  : driver.obj (.text:_SlDrvMsgWrite)
                  2000ef48    000001c4     rtsv7M4_T_le_eabi.lib : fopen.obj (.text)
                  2000f10c    000001b6                           : fd_add_t2.obj (.text)
                  2000f2c2    00000002     --HOLE-- [fill = 0]
                  2000f2c4    00000190     simplelink.a : driver.obj (.text:_SlDrvWaitForPoolObj)
                  2000f454    00000174                  : driver.obj (.text:_SlDrvDriverCBInit)
                  2000f5c8    00000170                  : driver.obj (.text:_SlFindAndSetActiveObj)
                  2000f738    0000016c     rtsv7M4_T_le_eabi.lib : strtoull.obj (.text)
                  2000f8a4    00000168     simplelink.a : netapp.obj (.text:sl_NetAppPingStart)
                  2000fa0c    0000014c                  : cc_pal.obj (.text:spi_Open)
                  2000fb58    00000136     rtsv7M4_T_le_eabi.lib : fd_div_t2.obj (.text)
                  2000fc8e    00000002     --HOLE-- [fill = 0]
                  2000fc90    00000134     driverlib.a : prcm.obj (.text:PRCMCC3200MCUInit)
                  2000fdc4    00000134     rtsv7M4_T_le_eabi.lib : fputs.obj (.text)
                  2000fef8    00000134                           : strtol.obj (.text)
                  2001002c    0000012a     free_rtos.a : list.obj (.text)
                  20010156    00000002     --HOLE-- [fill = 0]
                  20010158    00000128     simplelink.a : driver.obj (.text:_SlDrvDataReadOp)
                  20010280    00000114     rtsv7M4_T_le_eabi.lib : strtoul.obj (.text)
                  20010394    00000110     free_rtos.a : port.obj (.text)
                  200104a4    00000110     rtsv7M4_T_le_eabi.lib : xdscale.obj (.text)
                  200105b4    00000108     simplelink.a : socket.obj (.text:sl_Connect)
                  200106bc    00000108                  : socket.obj (.text:sl_Send)
                  200107c4    00000104                  : driver.obj (.text:_SlDrvDataWriteOp)
                  200108c8    00000104                  : netapp.obj (.text:sl_NetAppDnsGetHostByName)
                  200109cc    000000fe                  : netapp.obj (.text:_SlDrvNetAppEventHandler)
                  20010aca    000000fc     rtsv7M4_T_le_eabi.lib : fd_mul_t2.obj (.text)
                  20010bc6    000000fa                           : fs_add_t2.obj (.text)
                  20010cc0    000000f4     simplelink.a : driver.obj (.text:_SlDrvDriverCBDeinit)
                  20010db4    000000f4                  : fs.obj (.text:sl_FsRead)
                  20010ea8    000000f0     driverlib.a : udma.obj (.text:uDMAChannelTransferSet)
                  20010f98    000000ec     simplelink.a : fs.obj (.text:sl_FsWrite)
                  20011084    000000dc     rtsv7M4_T_le_eabi.lib : setvbuf.obj (.text)
                  20011160    000000dc     simplelink.a : cc_pal.obj (.text:spi_Read)
                  2001123c    000000d8                  : driver.obj (.text:_SlDrvClassifyRxMsg)
                  20011314    000000d4                  : device.obj (.text:sl_Stop)
                  200113e8    000000cc     rtsv7M4_T_le_eabi.lib : sscanf.obj (.text)
                  200114b4    000000cc     smartconfig.obj (.text)
                  20011580    000000c8     simplelink.a : netapp.obj (.text:_sl_HandleAsync_DnsGetHostByService)
                  20011648    000000c8     rtsv7M4_T_le_eabi.lib : fflush.obj (.text)
                  20011710    000000c0     simplelink.a : driver.obj (.text:_SlRemoveFromList)
                  200117d0    000000c0     rtsv7M4_T_le_eabi.lib : xdint.obj (.text)
                  20011890    000000be                           : xdnorm.obj (.text)
                  2001194e    00000002     --HOLE-- [fill = 0]
                  20011950    000000bc     simplelink.a : driver.obj (.text:_SlDrvMsgReadCmdCtx)
                  20011a0c    000000bc                  : device.obj (.text:sl_Start)
                  20011ac8    000000ba     free_rtos.a : portasm.obj (.text)
                  20011b82    00000002     --HOLE-- [fill = 0]
                  20011b84    000000b8     simplelink.a : driver.obj (.text:_SlAsyncEventGenericHandler)
                  20011c3c    000000b8     device_status.obj (.text)
                  20011cf4    000000ac     rtsv7M4_T_le_eabi.lib : _io_perm.obj (.text)
                  20011da0    000000a8     driverlib.a : interrupt.obj (.text:IntDisable)
                  20011e48    000000a8                 : interrupt.obj (.text:IntEnable)
                  20011ef0    000000a8     simplelink.a : netcfg.obj (.text:sl_NetCfgGet)
                  20011f98    000000a0     driverlib.a : spi.obj (.text:SPIConfigSetExpClk)
                  20012038    0000009c     simplelink.a : driver.obj (.text:_SlDrvMsgReadSpawnCtx)
                  200120d4    0000009c     rtsv7M4_T_le_eabi.lib : memcpy_t2.obj (.text)
                  20012170    00000098     simplelink.a : fs.obj (.text:_sl_GetCreateFsMode)
                  20012208    00000098     rtsv7M4_T_le_eabi.lib : fclose.obj (.text)
                  200122a0    00000098                           : fputc.obj (.text)
                  20012338    00000094     driverlib.a : prcm.obj (.text:PRCMPeripheralClockGet)
                  200123cc    00000094     rtsv7M4_T_le_eabi.lib : snprintf.obj (.text)
                  20012460    00000094     simplelink.a : wlan.obj (.text:sl_WlanGet)
                  200124f4    00000092     rtsv7M4_T_le_eabi.lib : fs_div_t2.obj (.text)
                  20012586    00000002     --HOLE-- [fill = 0]
                  20012588    00000090     simplelink.a : wlan.obj (.text:sl_WlanSmartConfigStart)
                  20012618    0000008c                  : cc_pal.obj (.text:SetupDMAReceive)
                  200126a4    0000008c                  : cc_pal.obj (.text:SetupDMASend)
                  20012730    0000008c                  : netapp.obj (.text:_sl_HandleAsync_DnsGetHostByName)
                  200127bc    0000008c                  : netapp.obj (.text:_sl_HandleAsync_PingResponse)
                  20012848    0000008c                  : cc_pal.obj (.text:spi_Write)
                  200128d4    00000088     driverlib.a : pin.obj (.text:PinConfigSet)
                  2001295c    00000088     rtsv7M4_T_le_eabi.lib : vsnprintf.obj (.text)
                  200129e4    00000088     simplelink.a : fs.obj (.text:sl_FsClose)
                  20012a6c    00000086     rtsv7M4_T_le_eabi.lib : fd_cmp_t2.obj (.text:__aeabi_cdcmple)
                  20012af2    00000086                           : fd_cmp_t2.obj (.text:__aeabi_cdrcmple)
                  20012b78    00000084     driverlib.a : i2c.obj (.text:I2CMasterInitExpClk)
                  20012bfc    00000084     simplelink.a : cc_pal.obj (.text:NwpPowerOnPreamble)
                  20012c80    00000082     driverlib.a : gpio.obj (.text:GPIOIntTypeSet)
                  20012d02    00000002     --HOLE-- [fill = 0]
                  20012d04    00000080     simplelink.a : driver.obj (.text:_SlDrvCmdOp)
                  20012d84    00000080                  : cc_pal.obj (.text:spi_Read_CPU)
                  20012e04    00000080                  : cc_pal.obj (.text:spi_Write_CPU)
                  20012e84    0000007c                  : device.obj (.text:_sl_HandleAsync_InitComplete)
                  20012f00    0000007a     rtsv7M4_T_le_eabi.lib : memset_t2.obj (.text)
                  20012f7a    00000002     --HOLE-- [fill = 0]
                  20012f7c    00000078     simplelink.a : socket.obj (.text:_sl_HandleAsync_Connect)
                  20012ff4    00000078                  : fs.obj (.text:sl_FsOpen)
                  2001306c    00000078                  : cc_pal.obj (.text:spi_Close)
                  200130e4    00000076     driverlib.a : uart.obj (.text:UARTConfigSetExpClk)
                  2001315a    00000002     --HOLE-- [fill = 0]
                  2001315c    00000074     pinmux.obj (.text)
                  200131d0    00000074     simplelink.a : socket.obj (.text:sl_Recv)
                  20013244    00000070     rtsv7M4_T_le_eabi.lib : printf.obj (.text)
                  200132b4    0000006c     simplelink.a : driver.obj (.text:_SlDrvCmdSend)
                  20013320    0000006c     rtsv7M4_T_le_eabi.lib : autoinit.obj (.text)
                  2001338c    0000006a                           : copy_decompress_rle.obj (.text)
                  200133f6    00000002     --HOLE-- [fill = 0]
                  200133f8    00000068     simplelink.a : netapp.obj (.text:_sl_NetAppSendTokenValue)
                  20013460    00000068     rtsv7M4_T_le_eabi.lib : trgmsg.obj (.text)
                  200134c8    00000068     simplelink.a : device.obj (.text:sl_DevSet)
                  20013530    00000068                  : socket.obj (.text:sl_SetSockOpt)
                  20013598    00000066     rtsv7M4_T_le_eabi.lib : xdunscal.obj (.text)
                  200135fe    00000002     --HOLE-- [fill = 0]
                  20013600    00000064                           : fseek.obj (.text)
                  20013664    00000064     driverlib.a : udma.obj (.text:uDMAChannelAttributeDisable)
                  200136c8    00000064                 : udma.obj (.text:uDMAChannelAttributeEnable)
                  2001372c    00000060     simplelink.a : socket.obj (.text:_sl_HandleAsync_Accept)
                  2001378c    00000060     rtsv7M4_T_le_eabi.lib : sprintf.obj (.text)
                  200137ec    00000060     simplelink.a : wlan.obj (.text:sl_WlanPolicySet)
                  2001384c    0000005c                  : socket.obj (.text:sl_Socket)
                  200138a8    00000058     driverlib.a : interrupt.obj (.text:IntPendClear)
                  20013900    00000058                 : prcm.obj (.text:PRCMPeripheralReset)
                  20013958    00000056     rtsv7M4_T_le_eabi.lib : ltoa.obj (.text)
                  200139ae    00000002     --HOLE-- [fill = 0]
                  200139b0    00000054     driverlib.a : interrupt.obj (.text:IntPrioritySet)
                  20013a04    00000054     simplelink.a : socket.obj (.text:_sl_HandleAsync_Select)
                  20013a58    00000050                  : device.obj (.text:_sl_HandleAsync_Stop)
                  20013aa8    00000050                  : fs.obj (.text:sl_FsDel)
                  20013af8    0000004c     driverlib.a : spi.obj (.text:SPIIntEnable)
                  20013b44    0000004c     simplelink.a : driver.obj (.text:_SlDrvProtectAsyncRespSetting)
                  20013b90    0000004c                  : driver.obj (.text:_SlDrvRxIrqHandler)
                  20013bdc    0000004c                  : socket.obj (.text:_sl_BuildAddress)
                  20013c28    0000004c     rtsv7M4_T_le_eabi.lib : atoi.obj (.text)
                  20013c74    0000004c                           : cpy_tbl.obj (.text)
                  20013cc0    0000004c     driverlib.a : udma.obj (.text:uDMAChannelAssign)
                  20013d0c    0000004a     rtsv7M4_T_le_eabi.lib : fd_tos_t2.obj (.text)
                  20013d56    00000002     --HOLE-- [fill = 0]
                  20013d58    00000048     driverlib.a : spi.obj (.text:SPIIntClear)
                  20013da0    00000048     simplelink.a : driver.obj (.text:_SlDrvBasicCmd)
                  20013de8    00000048     rtsv7M4_T_le_eabi.lib : fd_toi_t2.obj (.text)
                  20013e30    00000048                           : ll_tofs_t2.obj (.text)
                  20013e78    00000046                           : ldexp.obj (.text)
                  20013ebe    00000002     --HOLE-- [fill = 0]
                  20013ec0    00000044     driverlib.a : spi.obj (.text:SPIDmaMaskGet)
                  20013f04    00000044     simplelink.a : cc_pal.obj (.text:cc_SetupTransfer)
                  20013f48    00000044     rtsv7M4_T_le_eabi.lib : exit.obj (.text)
                  20013f8c    00000042     simplelink.a : socket.obj (.text:sl_Htonl)
                  20013fce    00000002     --HOLE-- [fill = 0]
                  20013fd0    00000040     driverlib.a : pin.obj (.text:PinModeSet)
                  20014010    00000040     rtsv7M4_T_le_eabi.lib : signal.obj (.text)
                  20014050    00000040                           : strtok.obj (.text)
                  20014090    0000003c     simplelink.a : netapp.obj (.text:CopyPingResultsToReport)
                  200140cc    0000003c     driverlib.a : prcm.obj (.text:PRCMPeripheralClkEnable)
                  20014108    0000003c     simplelink.a : socket.obj (.text:_sl_TruncatePayloadByProtocol)
                  20014144    0000003c     rtsv7M4_T_le_eabi.lib : boot.obj (.text)
                  20014180    0000003c     simplelink.a : socket.obj (.text:sl_Htons)
                  200141bc    0000003c     driverlib.a : udma.obj (.text:uDMAChannelControlSet)
                  200141f8    00000038     simplelink.a : cc_pal.obj (.text:NwpPowerOff)
                  20014230    00000038     free_rtos.a : heap_3.obj (.text)
                  20014268    00000038     rtsv7M4_T_le_eabi.lib : fs_tod_t2.obj (.text)
                  200142a0    00000038                           : fs_toi_t2.obj (.text)
                  200142d8    00000038                           : i_tofs_t2.obj (.text)
                  20014310    00000036     driverlib.a : gpio.obj (.text:GPIODirModeSet)
                  20014346    00000002     --HOLE-- [fill = 0]
                  20014348    00000034                 : prcm.obj (.text:PRCMPeripheralStatusGet)
                  2001437c    00000034                 : spi.obj (.text:SPIFIFOLevelSet)
                  200143b0    00000034     rtsv7M4_T_le_eabi.lib : feraiseexcept.obj (.text)
                  200143e4    00000034                           : fs_tou_t2.obj (.text)
                  20014418    00000034                           : strstr.obj (.text)
                  2001444c    00000030     driverlib.a : pin.obj (.text:PinTypeGPIO)
                  2001447c    00000030                 : uart.obj (.text:UARTDisable)
                  200144ac    00000030     simplelink.a : device.obj (.text:_SlDrvDeviceEventHandler)
                  200144dc    00000030                  : fs.obj (.text:_sl_Strlen)
                  2001450c    00000030     rtsv7M4_T_le_eabi.lib : strncpy.obj (.text)
                  2001453c    00000030                           : xferaise.obj (.text)
                  2001456c    00000030     simplelink.a : socket.obj (.text:sl_Close)
                  2001459c    00000030                  : wlan.obj (.text:sl_WlanSetMode)
                  200145cc    0000002e     rtsv7M4_T_le_eabi.lib : i_tofd_t2.obj (.text)
                  200145fa    0000002e                           : raise.obj (.text)
                  20014628    0000002c     simplelink.a : cc_pal.obj (.text:DmaSpiSwIntHandler)
                  20014654    0000002c     driverlib.a : i2c.obj (.text:I2CMasterErr)
                  20014680    0000002c     simplelink.a : cc_pal.obj (.text:NwpPowerOn)
                  200146ac    0000002c     driverlib.a : prcm.obj (.text:PRCMSysResetCauseGet)
                  200146d8    0000002c     rtsv7M4_T_le_eabi.lib : assert.obj (.text)
                  20014704    0000002a                           : strspn.obj (.text)
                  2001472e    0000002a                           : xdclass.obj (.text)
                  20014758    00000028     driverlib.a : prcm.obj (.text:PRCMPeripheralClkDisable)
                  20014780    00000028     simplelink.a : netapp.obj (.text:sl_NetAppStart)
                  200147a8    00000028                  : netapp.obj (.text:sl_NetAppStop)
                  200147d0    00000026                  : cc_pal.obj (.text:NwpRegisterInterruptHandler)
                  200147f6    00000002     --HOLE-- [fill = 0]
                  200147f8    00000024     driverlib.a : interrupt.obj (.text:IntUnregister)
                  2001481c    00000024                 : uart.obj (.text:UARTEnable)
                  20014840    00000024     simplelink.a : driver.obj (.text:_SlDrvProtectionObjLockWaitForever)
                  20014864    00000024     rtsv7M4_T_le_eabi.lib : memmov.obj (.text)
                  20014888    00000024                           : strcspn.obj (.text)
                  200148ac    00000022     driverlib.a : gpio.obj (.text:GPIOIntStatus)
                  200148ce    00000022                 : i2c.obj (.text:I2CMasterSlaveAddrSet)
                  200148f0    00000022                 : spi.obj (.text:SPIReset)
                  20014912    00000022                 : spi.obj (.text:SPIWordCountSet)
                  20014934    00000022     rtsv7M4_T_le_eabi.lib : frexp.obj (.text)
                  20014956    00000022                           : memcmp.obj (.text)
                  20014978    00000020     driverlib.a : gpio.obj (.text:GPIOPinWrite)
                  20014998    00000020                 : interrupt.obj (.text:IntRegister)
                  200149b8    00000020     simplelink.a : driver.obj (.text:_SlDrvProtectionObjUnLock)
                  200149d8    00000020     rtsv7M4_T_le_eabi.lib : memchr.obj (.text)
                  200149f8    0000001e     driverlib.a : i2c.obj (.text:I2CMasterIntStatusEx)
                  20014a16    0000001e                 : uart.obj (.text:UARTCharPut)
                  20014a34    0000001e     simplelink.a : cc_pal.obj (.text:cc_UDMAChannelSelect)
                  20014a52    0000001c     driverlib.a : pin.obj (.text:PinTypeI2C)
                  20014a6e    0000001c                 : uart.obj (.text:UARTCharGetNonBlocking)
                  20014a8a    0000001c     simplelink.a : driver.obj (.text:_SlDrvObjLockWaitForever)
                  20014aa6    0000001c                  : driver.obj (.text:_SlDrvSyncObjWaitForever)
                  20014ac2    0000001c     rtsv7M4_T_le_eabi.lib : memccpy.obj (.text)
                  20014ade    00000002     --HOLE-- [fill = 0]
                  20014ae0    0000001c     driverlib.a : udma.obj (.text:uDMAChannelEnable)
                  20014afc    0000001a                 : gpio.obj (.text:GPIOIntDisable)
                  20014b16    0000001a                 : gpio.obj (.text:GPIOIntEnable)
                  20014b30    0000001a                 : pin.obj (.text:PinTypeUART)
                  20014b4a    0000001a                 : spi.obj (.text:SPIDmaDisable)
                  20014b64    0000001a                 : spi.obj (.text:SPIDmaEnable)
                  20014b7e    0000001a                 : spi.obj (.text:SPIFIFODisable)
                  20014b98    0000001a                 : spi.obj (.text:SPIFIFOEnable)
                  20014bb2    00000018                 : gpio.obj (.text:GPIOPinRead)
                  20014bca    00000018                 : spi.obj (.text:SPICSDisable)
                  20014be2    00000018                 : spi.obj (.text:SPICSEnable)
                  20014bfa    00000018                 : spi.obj (.text:SPIDisable)
                  20014c12    00000018                 : spi.obj (.text:SPIEnable)
                  20014c2a    00000018                 : uart.obj (.text:UARTCharsAvail)
                  20014c42    00000018     simplelink.a : driver.obj (.text:_SlDrvObjUnLock)
                  20014c5a    00000018                  : driver.obj (.text:_SlDrvSyncObjSignal)
                  20014c72    00000002     --HOLE-- [fill = 0]
                  20014c74    00000018                  : device.obj (.text:_sl_GetStartResponseConvert)
                  20014c8c    00000018     rtsv7M4_T_le_eabi.lib : args_main.obj (.text)
                  20014ca4    00000018                           : ll_mul_t2.obj (.text)
                  20014cbc    00000018                           : strcmp.obj (.text)
                  20014cd4    00000018                           : strrchr.obj (.text)
                  20014cec    00000016     driverlib.a : i2c.obj (.text:I2CMasterDataPut)
                  20014d02    00000016                 : i2c.obj (.text:I2CMasterEnable)
                  20014d18    00000016                 : prcm.obj (.text:PRCMHIBRegRead)
                  20014d2e    00000016                 : prcm.obj (.text:PRCMHIBRegWrite)
                  20014d44    00000016     simplelink.a : driver.obj (.text:_SlDrvMemZero)
                  20014d5a    00000016     rtsv7M4_T_le_eabi.lib : strchr.obj (.text)
                  20014d70    00000014     driverlib.a : cpu.obj (.text:CPUcpsie)
                  20014d84    00000014                 : gpio.obj (.text:GPIOIntClear)
                  20014d98    00000014                 : interrupt.obj (.text:IntVTableBaseSet)
                  20014dac    00000014     rtsv7M4_T_le_eabi.lib : _lock.obj (.text)
                  20014dc0    00000014                           : strcpy.obj (.text)
                  20014dd4    00000014                           : strlen.obj (.text)
                  20014de8    00000012     driverlib.a : i2c.obj (.text:I2CMasterControl)
                  20014dfa    00000012                 : i2c.obj (.text:I2CMasterIntClearEx)
                  20014e0c    00000012                 : i2c.obj (.text:I2CMasterTimeoutSet)
                  20014e1e    0000000e                 : i2c.obj (.text:I2CMasterDataGet)
                  20014e2c    0000000e     simplelink.a : driver.obj (.text:_SlDrvResetCmdExt)
                  20014e3a    0000000e     rtsv7M4_T_le_eabi.lib : copy_decompress_none.obj (.text:decompress:none)
                  20014e48    0000000e     startup_ccs.obj (.text)
                  20014e56    00000002     --HOLE-- [fill = 0]
                  20014e58    0000000c     simplelink.a : cc_pal.obj (.text:NwpMaskInterrupt)
                  20014e64    0000000c                  : cc_pal.obj (.text:NwpUnMaskInterrupt)
                  20014e70    0000000c     rtsv7M4_T_le_eabi.lib : copy_zero_init.obj (.text:decompress:ZI)
                  20014e7c    0000000c     simplelink.a : wlan.obj (.text:sl_WlanSmartConfigStop)
                  20014e88    0000000a     driverlib.a : interrupt.obj (.text:IntMasterEnable)
                  20014e92    00000008     rtsv7M4_T_le_eabi.lib : bzero.obj (.text)
                  20014e9a    00000006     driverlib.a : utils.obj (.text:UtilsDelay)
                  20014ea0    00000006     rtsv7M4_T_le_eabi.lib : copy_decompress_rle.obj (.text:decompress:rle24)
                  20014ea6    00000006                           : log.obj (.text)
                  20014eac    00000004                           : pre_init.obj (.text)

.const     0    20014eb0    0000083c     
                  20014eb0    00000101     rtsv7M4_T_le_eabi.lib : ctype.obj (.const:.string:_ctypes_)
                  20014fb1    00000003     --HOLE-- [fill = 0]
                  20014fb4    00000100     driverlib.a : pin.obj (.const:g_ulPinToPadMap)
                  200150b4    000000d4                 : interrupt.obj (.const:g_pulRegs)
                  20015188    000000a8                 : prcm.obj (.const:PRCM_PeriphRegsList)
                  20015230    00000098     rtsv7M4_T_le_eabi.lib : strtod.obj (.const)
                  200152c8    00000098                           : strtold.obj (.const)
                  20015360    00000080     driverlib.a : interrupt.obj (.const)
                  200153e0    0000004a     main.obj (.const:.string)
                  2001542a    00000006     --HOLE-- [fill = 0]
                  20015430    00000048     rtsv7M4_T_le_eabi.lib : xexp.obj (.const)
                  20015478    0000003c     simplelink.a : driver.obj (.const:OpcodeTranslateTable)
                  200154b4    0000003c                  : wlan.obj (.const)
                  200154f0    00000038                  : driver.obj (.const:_SlActionLookupTable)
                  20015528    00000038     rtsv7M4_T_le_eabi.lib : xlog.obj (.const:p)
                  20015560    00000038     simplelink.a : fs.obj (.const)
                  20015598    00000034                  : driver.obj (.const)
                  200155cc    00000034                  : socket.obj (.const)
                  20015600    00000030     rtsv7M4_T_le_eabi.lib : xdint.obj (.const)
                  20015630    00000028     simplelink.a : netapp.obj (.const)
                  20015658    00000023     smartconfig.obj (.const:.string)
                  2001567b    00000001     --HOLE-- [fill = 0]
                  2001567c    00000018     driverlib.a : spi.obj (.const)
                  20015694    00000014     simplelink.a : device.obj (.const)
                  200156a8    00000011     exosite_pal_cc3200.obj (.const:.string)
                  200156b9    00000010     simplelink.a : socket.obj (.const:.string)
                  200156c9    00000003     --HOLE-- [fill = 0]
                  200156cc    00000010     rtsv7M4_T_le_eabi.lib : _scanfi.obj (.const)
                  200156dc    00000008     simplelink.a : device.obj (.const:.string)
                  200156e4    00000008                  : netcfg.obj (.const)

.cinit     0    200156f0    00000160     
                  200156f0    00000139     (.cinit..data.load) [load image, compression = rle]
                  20015829    00000003     --HOLE-- [fill = 0]
                  2001582c    0000000c     (__TI_handler_table)
                  20015838    00000008     (.cinit..bss.load) [load image, compression = zero_init]
                  20015840    00000010     (__TI_cinit_table)

.sysmem    0    20017000    00004000     UNINITIALIZED
                  20017000    00000008     rtsv7M4_T_le_eabi.lib : memory.obj (.sysmem)
                  20017008    00003ff8     --HOLE--

.bss       0    2001b000    00001efc     UNINITIALIZED
                  2001b000    00001918     exosite_http.obj (.bss:exoHttpContextQueue)
                  2001c918    00000178     simplelink.a : driver.obj (.bss:g_StatMem)
                  2001ca90    00000120     rtsv7M4_T_le_eabi.lib : trgmsg.obj (.bss:__CIOBUF_)
                  2001cbb0    000000c8     free_rtos.a : tasks.obj (.bss:pxReadyTasksLists)
                  2001cc78    000000a0     rtsv7M4_T_le_eabi.lib : defs.obj (.bss:__TI_tmpnams)
                  2001cd18    00000080     exosite_http.obj (.bss:recDateTime)
                  2001cd98    00000050     simplelink.a : cc_pal.obj (.bss:g_ucDinDout)
                  2001cde8    00000050     free_rtos.a : queue.obj (.bss:xQueueRegistry)
                  2001ce38    00000024     main.obj (.bss:g_ucConnectionSSID)
                  2001ce5c    00000014     (.common:xDelayedTaskList1)
                  2001ce70    00000014     (.common:xDelayedTaskList2)
                  2001ce84    00000014     (.common:xPendingReadyList)
                  2001ce98    00000014     (.common:xSuspendedTaskList)
                  2001ceac    00000014     (.common:xTasksWaitingTermination)
                  2001cec0    00000008     (.common:g_ucConnectionBSSID)
                  2001cec8    00000008     (.common:parmbuf)
                  2001ced0    00000004     (.common:DMAMsgQ)
                  2001ced4    00000004     (.common:__Errorlog)
                  2001ced8    00000004     (.common:g_accTotalAvg)
                  2001cedc    00000004     (.common:g_accXAvg)
                  2001cee0    00000004     (.common:g_accYAvg)
                  2001cee4    00000004     (.common:g_accZAvg)
                  2001cee8    00000004     (.common:g_cDummy)
                  2001ceec    00000004     (.common:msTimer)
                  2001cef0    00000004     (.common:pxDelayedTaskList)
                  2001cef4    00000004     (.common:pxOverflowDelayedTaskList)
                  2001cef8    00000001     (.common:RxIrqCnt)
                  2001cef9    00000001     (.common:g_ucLED1Pin)
                  2001cefa    00000001     (.common:g_ucLED2Pin)
                  2001cefb    00000001     (.common:g_ucLED3Pin)

.TI.noinit 
*          0    2001b000    00000000     UNINITIALIZED

.data      0    2001cf00    0000048c     UNINITIALIZED
                  2001cf00    000000f0     rtsv7M4_T_le_eabi.lib : defs.obj (.data:_ftable)
                  2001cff0    000000d0                           : lowlev.obj (.data)
                  2001d0c0    000000b0                           : signal.obj (.data:sigtable)
                  2001d170    00000080                           : xvalues.obj (.data)
                  2001d1f0    00000068     main.obj (.data)
                  2001d258    00000068     rtsv7M4_T_le_eabi.lib : xfvalues.obj (.data)
                  2001d2c0    00000034     free_rtos.a : tasks.obj (.data)
                  2001d2f4    00000020     gpio_if.obj (.data)
                  2001d314    00000010     rtsv7M4_T_le_eabi.lib : defs.obj (.data)
                  2001d324    0000000c     free_rtos.a : osi_freertos.obj (.data)
                  2001d330    0000000c     rtsv7M4_T_le_eabi.lib : memory.obj (.data)
                  2001d33c    00000009     simplelink.a : cc_pal.obj (.data)
                  2001d345    00000003     --HOLE--
                  2001d348    00000009                  : driver.obj (.data)
                  2001d351    00000003     --HOLE--
                  2001d354    00000008     device_status.obj (.data)
                  2001d35c    00000008     rtsv7M4_T_le_eabi.lib : _lock.obj (.data)
                  2001d364    00000008                           : exit.obj (.data)
                  2001d36c    00000008                           : feraiseexcept.obj (.data)
                  2001d374    00000004     exosite_pal_cc3200.obj (.data)
                  2001d378    00000004     free_rtos.a : port.obj (.data)
                  2001d37c    00000004     rtsv7M4_T_le_eabi.lib : errno.obj (.data)
                  2001d380    00000004                           : fopen.obj (.data)
                  2001d384    00000004                           : stkdepth_vars.obj (.data)
                  2001d388    00000004                           : strtok.obj (.data)

.TI.persistent 
*          0    2001cf00    00000000     UNINITIALIZED

.stack     0    2002c000    00004000     UNINITIALIZED
                  2002c000    00004000     --HOLE--


LINKER GENERATED COPY TABLES

__TI_cinit_table @ 20015840 records: 2, size/record: 8, table size: 16
	.data: load addr=200156f0, load size=00000139 bytes, run addr=2001cf00, run size=0000048c bytes, compression=rle
	.bss: load addr=20015838, load size=00000008 bytes, run addr=2001b000, run size=00001efc bytes, compression=zero_init


LINKER GENERATED HANDLER TABLE

__TI_handler_table @ 2001582c records: 3, size/record: 4, table size: 12
	index: 0, handler: __TI_decompress_rle24
	index: 1, handler: __TI_decompress_none
	index: 2, handler: __TI_zero_init


GLOBAL SYMBOLS: SORTED ALPHABETICALLY BY Name 

address   name                               
-------   ----                               
2000505d  AccSample                          
2000e899  BMA222Close                        
2000e877  BMA222Open                         
2000e89d  BMA222Read                         
2000e919  BMA222ReadNew                      
2000e841  BlockRead                          
20013f49  C$$EXIT                            
2001348f  C$$IO$$                            
20014d71  CPUcpsie                           
2000d863  ClearTerm                          
20004dc9  ConnectToNetwork                   
20011c55  ConnectionTest                     
20014091  CopyPingResultsToReport            
2001ced0  DMAMsgQ                            
20014629  DmaSpiSwIntHandler                 
2000d86d  Error                              
20014311  GPIODirModeSet                     
20014d85  GPIOIntClear                       
20014afd  GPIOIntDisable                     
20014b17  GPIOIntEnable                      
200148ad  GPIOIntStatus                      
20012c81  GPIOIntTypeSet                     
20014bb3  GPIOPinRead                        
20014979  GPIOPinWrite                       
2000ce6d  GPIO_IF_ConfigureNIntEnable        
2000cee9  GPIO_IF_Get                        
2000ce27  GPIO_IF_GetPortNPin                
2000cbe9  GPIO_IF_LedConfigure               
2000ccdb  GPIO_IF_LedOff                     
2000cc27  GPIO_IF_LedOn                      
2000cd8f  GPIO_IF_LedStatus                  
2000cdf9  GPIO_IF_LedToggle                  
2000ceaf  GPIO_IF_Set                        
200053d9  GPIOs3IntHandler                   
2000d8a5  GetCmd                             
2000e7dd  GetRegisterValue                   
2000d7bd  HOSTclock                          
2000d785  HOSTclose                          
2000d747  HOSTgetenv                         
2000d6eb  HOSTlseek                          
2000d699  HOSTopen                           
2000d64d  HOSTread                           
2000d5ef  HOSTrename                         
2000d5b5  HOSTtime                           
2000d57d  HOSTunlink                         
2000d531  HOSTwrite                          
20014de9  I2CMasterControl                   
20014e1f  I2CMasterDataGet                   
20014ced  I2CMasterDataPut                   
20014d03  I2CMasterEnable                    
20014655  I2CMasterErr                       
20012b79  I2CMasterInitExpClk                
20014dfb  I2CMasterIntClearEx                
200149f9  I2CMasterIntStatusEx               
200148cf  I2CMasterSlaveAddrSet              
20014e0d  I2CMasterTimeoutSet                
2000dd2d  I2C_IF_Close                       
2000dce5  I2C_IF_Open                        
2000dbdf  I2C_IF_Read                        
2000dc9b  I2C_IF_ReadFrom                    
2000db29  I2C_IF_Write                       
2000d805  InitTerm                           
2000d823  InitUART1_UT61B                    
20011da1  IntDisable                         
20011e49  IntEnable                          
20014e89  IntMasterEnable                    
200138a9  IntPendClear                       
200139b1  IntPrioritySet                     
20014999  IntRegister                        
200147f9  IntUnregister                      
20014d99  IntVTableBaseSet                   
2000d841  Message                            
20014e59  NwpMaskInterrupt                   
200141f9  NwpPowerOff                        
20014681  NwpPowerOn                         
20012bfd  NwpPowerOnPreamble                 
200147d1  NwpRegisterInterruptHandler        
20014e65  NwpUnMaskInterrupt                 
20015478  OpcodeTranslateTable               
2000fc91  PRCMCC3200MCUInit                  
20014d19  PRCMHIBRegRead                     
20014d2f  PRCMHIBRegWrite                    
20014759  PRCMPeripheralClkDisable           
200140cd  PRCMPeripheralClkEnable            
20012339  PRCMPeripheralClockGet             
20013901  PRCMPeripheralReset                
20014349  PRCMPeripheralStatusGet            
200146ad  PRCMSysResetCauseGet               
200128d5  PinConfigSet                       
20013fd1  PinModeSet                         
2001315d  PinMuxConfig                       
2001444d  PinTypeGPIO                        
20014a53  PinTypeI2C                         
20014b31  PinTypeUART                        
200044c5  ReadAccSensor                      
2000d9f3  Report                             
20014e49  ResetISR                           
2001cef8  RxIrqCnt                           
200155a8  RxMsgClassLUT                      
UNDEFED   SHT$$INIT_ARRAY$$Base              
UNDEFED   SHT$$INIT_ARRAY$$Limit             
20014bcb  SPICSDisable                       
20014be3  SPICSEnable                        
20011f99  SPIConfigSetExpClk                 
20014bfb  SPIDisable                         
20014b4b  SPIDmaDisable                      
20014b65  SPIDmaEnable                       
20014c13  SPIEnable                          
20014b7f  SPIFIFODisable                     
20014b99  SPIFIFOEnable                      
2001437d  SPIFIFOLevelSet                    
20013d59  SPIIntClear                        
20013af9  SPIIntEnable                       
200148f1  SPIReset                           
20014913  SPIWordCountSet                    
200050d9  SetAccAvg                          
2000e807  SetRegisterValue                   
20004b9d  SimpleLinkGeneralEventHandler      
200049cf  SimpleLinkHttpServerCallback       
200046f5  SimpleLinkNetAppEventHandler       
20011c3d  SimpleLinkPingReport               
20004bc5  SimpleLinkSockEventHandler         
2000459d  SimpleLinkWlanEventHandler         
200114b5  SmartConfigConnect                 
2001151f  SmartConfigStop                    
200156dc  StartResponseLUT                   
2000c667  TMP006DrvGetTemp                   
2000c405  TMP006DrvOpen                      
2000d95b  TrimSpace                          
20014a6f  UARTCharGetNonBlocking             
20014a17  UARTCharPut                        
20014c2b  UARTCharsAvail                     
200130e5  UARTConfigSetExpClk                
2001447d  UARTDisable                        
2001481d  UARTEnable                         
20014e9b  UtilsDelay                         
2000c231  VDeleteSimpleLinkSpawnTask         
2000c1e1  VStartSimpleLinkSpawnTask          
2001472f  _Dclass                            
2001d170  _Denorm                            
200117d1  _Dint                              
20011891  _Dnorm                             
200104a5  _Dscale                            
20013599  _Dunscale                          
2001d180  _Eps                               
2001d37c  _Errno                             
2000e3ed  _Exp                               
2001d258  _FDenorm                           
2001d268  _FEps                              
2001d278  _FInf                              
2001d288  _FNan                              
2001d2a8  _FRteps                            
2001d298  _FSnan                             
2001d2b8  _FXbig                             
2001d2bc  _FZero                             
2001d36c  _Fenv                              
2001453d  _Feraise                           
2001d190  _Hugeval                           
2001d1a0  _Inf                               
2000d24d  _Log                               
2001d1b0  _Nan                               
2001d1d0  _Rteps                             
200155e0  _SlAcceptCmdCtrl                   
200154f0  _SlActionLookupTable               
20011b85  _SlAsyncEventGenericHandler        
200156a0  _SlDeviceGetCmdCtrl                
200156a4  _SlDeviceSetCmdCtrl                
20013da1  _SlDrvBasicCmd                     
2001123d  _SlDrvClassifyRxMsg                
20012d05  _SlDrvCmdOp                        
200132b5  _SlDrvCmdSend                      
20010159  _SlDrvDataReadOp                   
200107c5  _SlDrvDataWriteOp                  
200144ad  _SlDrvDeviceEventHandler           
20010cc1  _SlDrvDriverCBDeinit               
2000f455  _SlDrvDriverCBInit                 
20014d45  _SlDrvMemZero                      
2000b4fd  _SlDrvMsgRead                      
20011951  _SlDrvMsgReadCmdCtx                
20012039  _SlDrvMsgReadSpawnCtx              
2000ed7d  _SlDrvMsgWrite                     
200109cd  _SlDrvNetAppEventHandler           
20014a8b  _SlDrvObjLockWaitForever           
20014c43  _SlDrvObjUnLock                    
20013b45  _SlDrvProtectAsyncRespSetting      
20014841  _SlDrvProtectionObjLockWaitForever 
200149b9  _SlDrvProtectionObjUnLock          
2000ebad  _SlDrvReleasePoolObj               
20014e2d  _SlDrvResetCmdExt                  
2000dd45  _SlDrvRxHdrRead                    
20013b91  _SlDrvRxIrqHandler                 
20014c5b  _SlDrvSyncObjSignal                
20014aa7  _SlDrvSyncObjWaitForever           
2000f2c5  _SlDrvWaitForPoolObj               
2001569c  _SlEventMaskGetCmdCtrl             
20015698  _SlEventMaskSetCmdCtrl             
2000f5c9  _SlFindAndSetActiveObj             
20015564  _SlFsCloseCmdCtrl                  
20015574  _SlFsDeleteCmdCtrl                 
20015570  _SlFsGetInfoCmdCtrl                
20015560  _SlFsOpenCmdCtrl                   
20015568  _SlFsReadCmdCtrl                   
2001556c  _SlFsWriteCmdCtrl                  
20015644  _SlGetHostByNameCtrl               
20015640  _SlGetHostByServiceCtrl            
20015638  _SlGetServiceListeCtrl             
200155ec  _SlGetSockOptCmdCtrl               
200155dc  _SlListenCmdCtrl                   
20015650  _SlNetAppGetCmdCtrl                
2001564c  _SlNetAppSendTokenValueCmdCtrl     
20015648  _SlNetAppSetCmdCtrl                
20015630  _SlNetAppStartCtrl                 
20015634  _SlNetAppStopCtrl                  
200156e8  _SlNetCfgGetCmdCtrl                
200156e4  _SlNetCfgSetCmdCtrl                
200156b9  _SlPayloadByProtocolLUT            
200154b8  _SlPolicyGetCmdCtrl                
200154b4  _SlPolicySetCmdCtrl                
200154c0  _SlProfileDelCmdCtrl               
200154bc  _SlProfileGetCmdCtrl               
200155e4  _SlRecvCmdCtrl                     
200155d4  _SlRecvfomCmdCtrl                  
2001563c  _SlRegisterServiceCtrl             
20011711  _SlRemoveFromList                  
200154c8  _SlRxFilterAddtCmdCtrl             
200154d0  _SlRxFilterGetCmdCtrl              
200154cc  _SlRxFilterSetCmdCtrl              
200155f0  _SlSelectCmdCtrl                   
200155d8  _SlSendCmdCtrl                     
200155e8  _SlSetSockOptCmdCtrl               
200154d4  _SlSmartConfigStartCmdCtrl         
200155d0  _SlSockCloseCmdCtrl                
200155cc  _SlSockSocketCmdCtrl               
20015694  _SlStopCmdCtrl                     
200154e0  _SlWlanCfgGetCmdCtrl               
200154dc  _SlWlanCfgSetCmdCtrl               
200154c4  _SlWlanGetNetworkListCtrl          
200154d8  _SlWlanSetModeCmdCtrl              
2001d1c0  _Snan                              
2001d370  _Tls_setup__Fenv                   
2001d1e0  _Xbig                              
2001d1e8  _Zero                              
2001ca90  __CIOBUF_                          
20030000  __STACK_END                        
00004000  __STACK_SIZE                       
00004000  __SYSMEM_SIZE                      
20015840  __TI_CINIT_Base                    
20015850  __TI_CINIT_Limit                   
2001582c  __TI_Handler_Table_Base            
20015838  __TI_Handler_Table_Limit           
20013321  __TI_auto_init                     
2000f011  __TI_cleanup                       
2001d364  __TI_cleanup_ptr                   
20012209  __TI_closefile                     
20014e3b  __TI_decompress_none               
20014ea1  __TI_decompress_rle24              
20011649  __TI_doflush                       
2001d368  __TI_dtors_ptr                     
2001d314  __TI_ft_end                        
20007805  __TI_printfi                       
20011d57  __TI_rd_ok                         
20013493  __TI_readmsg                       
2000b04d  __TI_scanfi                        
200156f0  __TI_static_base__                 
2001cc78  __TI_tmpnams                       
20013461  __TI_writemsg                      
20011cf5  __TI_wrt_ok                        
20014e71  __TI_zero_init                     
20012a6d  __aeabi_cdcmpeq                    
20012a6d  __aeabi_cdcmple                    
20012af3  __aeabi_cdrcmple                   
20013d0d  __aeabi_d2f                        
20013de9  __aeabi_d2iz                       
2000f117  __aeabi_dadd                       
2000fb59  __aeabi_ddiv                       
20010acb  __aeabi_dmul                       
2000f10d  __aeabi_dsub                       
20014269  __aeabi_f2d                        
200142a1  __aeabi_f2iz                       
200143e5  __aeabi_f2uiz                      
20010bcb  __aeabi_fadd                       
200124f5  __aeabi_fdiv                       
20010bc7  __aeabi_fsub                       
200145cd  __aeabi_i2d                        
200142d9  __aeabi_i2f                        
20013e31  __aeabi_l2f                        
20014ca5  __aeabi_lmul                       
20012f01  __aeabi_memclr                     
20012f01  __aeabi_memclr4                    
20012f01  __aeabi_memclr8                    
200120d5  __aeabi_memcpy                     
200120d5  __aeabi_memcpy4                    
200120d5  __aeabi_memcpy8                    
20012f03  __aeabi_memset                     
20012f03  __aeabi_memset4                    
20012f03  __aeabi_memset8                    
2001d320  __aeabi_stderr                     
2001d318  __aeabi_stdin                      
2001d31c  __aeabi_stdout                     
2000e5e9  __aeabi_uldivmod                   
ffffffff  __binit__                          
ffffffff  __c_args__                         
2002c000  __stack                            
200146db  _abort_msg                         
20014c8d  _args_main                         
200146f1  _assert                            
20014145  _c_int00                           
20014eb0  _ctypes_                           
2001cf00  _ftable                            
2001d35c  _lock                              
200146d9  _nassert                           
20014dbb  _nop                               
20014db3  _register_lock                     
20014dad  _register_unlock                   
20013bdd  _sl_BuildAddress                   
20012171  _sl_GetCreateFsMode                
20014c75  _sl_GetStartResponseConvert        
2001372d  _sl_HandleAsync_Accept             
20012f7d  _sl_HandleAsync_Connect            
20012731  _sl_HandleAsync_DnsGetHostByName   
20011581  _sl_HandleAsync_DnsGetHostByService
20012e85  _sl_HandleAsync_InitComplete       
200127bd  _sl_HandleAsync_PingResponse       
20013a05  _sl_HandleAsync_Select             
20013a59  _sl_HandleAsync_Stop               
200133f9  _sl_NetAppSendTokenValue           
200144dd  _sl_Strlen                         
20014109  _sl_TruncatePayloadByProtocol      
20017000  _sys_memory                        
20014ead  _system_pre_init                   
2001d360  _unlock                            
20013f4d  abort                              
2000d1a1  add_device                         
20013c29  atoi                               
ffffffff  binit                              
200089d5  build_msg_activate                 
20008f15  build_msg_get_content              
20008ebd  build_msg_get_content_info         
20008e63  build_msg_list_content             
20008d5b  build_msg_long_polling             
20008af7  build_msg_read                     
20008cc3  build_msg_write                    
20014e93  bzero                              
2000cb79  calloc                             
2000d151  close                              
20008a6f  convert_data_ports_to_read_string  
20008b71  convert_data_ports_to_write_string 
20013c75  copy_in                            
20005a9d  eTaskGetState                      
20013f55  exit                               
20007d27  exo_download_get_content           
20007c19  exo_download_get_content_info      
20007b0d  exo_download_list_content          
20007e5f  exo_init                           
20007edd  exo_loop_start                     
20008425  exo_read                           
200084e9  exo_subscribe                      
20008351  exo_write                          
2000a619  exosite_pal_get_current_date_time  
2000a22d  exosite_pal_init                   
2000a3c1  exosite_pal_load_cik               
2000a4b5  exosite_pal_remove_cik             
2000a449  exosite_pal_save_cik               
2000a3ad  exosite_pal_sock_close             
2000a2a3  exosite_pal_sock_connect           
2000a32d  exosite_pal_sock_is_connected      
2000a339  exosite_pal_sock_read              
2000a37d  exosite_pal_sock_write             
2000a5bb  exosite_pal_timer_countdown        
2000a5a3  exosite_pal_timer_countdown_ms     
2000a4d7  exosite_pal_timer_expired          
2000a609  exosite_pal_timer_init             
2000a5e7  exosite_pal_timer_left_ms          
2001226f  fclose                             
200143b1  feraiseexcept                      
20011695  fflush                             
2000f067  fopen                              
200122a1  fputc                              
2000fdc5  fputs                              
2000c8c7  free                               
2000f03d  freopen                            
20014935  frexp                              
20013601  fseek                              
2001d350  gFirstCmdMode                      
200155a0  g_H2NCnysPattern                   
20015598  g_H2NSyncPattern                   
2001d33c  g_SpiFd                            
2001c918  g_StatMem                          
2001cee8  g_cDummy                           
2001d348  g_pCB                              
2001d340  g_pHostIntHdl                      
20004000  g_pfnVectors                       
2001d344  g_ucDMAEnabled                     
2001cd98  g_ucDinDout                        
2001cef9  g_ucLED1Pin                        
2001cefa  g_ucLED2Pin                        
2001cefb  g_ucLED3Pin                        
2001d308  g_uiLED1Port                       
2001d30c  g_uiLED2Port                       
2001d310  g_uiLED3Port                       
2001d358  g_uiPingDone                       
2001d354  g_uiPingPacketsRecv                
20013e79  ldexp                              
20014ea7  log                                
2000d12d  lseek                              
20013959  ltoa                               
200055c1  main                               
2001d384  main_func_sp                       
2000c85f  malloc                             
2000c335  mem_Free                           
2000c329  mem_Malloc                         
2000c355  mem_copy                           
2000c341  mem_set                            
2000ca95  memalign                           
20014ac3  memccpy                            
200149d9  memchr                             
20014957  memcmp                             
200120d5  memcpy                             
20014865  memmove                            
20012f09  memset                             
2000c7d1  minit                              
2000d07f  open                               
2000c3ab  osi_ContextRestore                 
2000c3a9  osi_ContextSave                    
2000c369  osi_EnterCritical                  
2000c373  osi_ExitCritical                   
2000bf8f  osi_InterruptDeRegister            
2000bf69  osi_InterruptRegister              
2000c099  osi_LockObjCreate                  
2000c10d  osi_LockObjDelete                  
2000c11d  osi_LockObjLock                    
2000c149  osi_LockObjUnlock                  
2000c25d  osi_MsgQCreate                     
2000c2a1  osi_MsgQDelete                     
2000c2ed  osi_MsgQRead                       
2000c2bb  osi_MsgQWrite                      
2000c385  osi_Sleep                          
2000c173  osi_Spawn                          
2000c077  osi_SyncObjClear                   
2000bfa1  osi_SyncObjCreate                  
2000bfd1  osi_SyncObjDelete                  
2000bfeb  osi_SyncObjSignal                  
2000c013  osi_SyncObjSignalFromISR           
2000c04b  osi_SyncObjWait                    
2000c0bf  osi_TaskCreate                     
2000c0ff  osi_TaskDelete                     
2000c395  osi_TaskDisable                    
2000c39f  osi_TaskEnable                     
2000c37d  osi_start                          
2001d34c  pPingCallBackFunc                  
200091cd  parse_cik_info                     
2000937b  parse_content                      
200092fd  parse_content_info                 
20009269  parse_content_list                 
2000902f  parse_msg_read                     
200090fd  parse_rsp_status                   
20005fc1  pcTaskGetTaskName                  
20011b7d  portCLZ                            
2000bae9  pow                                
2001324d  printf                             
20011b65  prvPortStartFirstTask              
200122a1  putc                               
20012325  putchar                            
2000fed1  puts                               
20014231  pvPortMalloc                       
2001d2c0  pxCurrentTCB                       
20010395  pxPortInitialiseStack              
200145fb  raise                              
2000d05b  read                               
20005329  read_callback                      
2000c989  realloc                            
2000cfd1  remove                             
2000d033  remove_device                      
2000cff5  rename                             
20011085  setvbuf                            
20014011  signal                             
2001456d  sl_Close                           
200105b5  sl_Connect                         
200134c9  sl_DevSet                          
200129e5  sl_FsClose                         
20013aa9  sl_FsDel                           
20012ff5  sl_FsOpen                          
20010db5  sl_FsRead                          
20010f99  sl_FsWrite                         
20013f8d  sl_Htonl                           
20014181  sl_Htons                           
200108c9  sl_NetAppDnsGetHostByName          
2000f8a5  sl_NetAppPingStart                 
20014781  sl_NetAppStart                     
200147a9  sl_NetAppStop                      
20011ef1  sl_NetCfgGet                       
200131d1  sl_Recv                            
200106bd  sl_Send                            
20013531  sl_SetSockOpt                      
2001384d  sl_Socket                          
20011a0d  sl_Start                           
20011315  sl_Stop                            
20012461  sl_WlanGet                         
200137ed  sl_WlanPolicySet                   
2001459d  sl_WlanSetMode                     
20012589  sl_WlanSmartConfigStart            
20014e7d  sl_WlanSmartConfigStop             
200123cd  snprintf                           
2001306d  spi_Close                          
2000fa0d  spi_Open                           
20011161  spi_Read                           
20012849  spi_Write                          
2001378d  sprintf                            
200113fb  sscanf                             
20014d5b  strchr                             
20014cbd  strcmp                             
20014dc1  strcpy                             
20014889  strcspn                            
20014dd5  strlen                             
2001450d  strncpy                            
20014cd5  strrchr                            
20014705  strspn                             
20014419  strstr                             
2000df8d  strtod                             
20014051  strtok                             
2000fef9  strtol                             
2000e1c5  strtold                            
2000e9c9  strtoll                            
20010281  strtoul                            
2000f739  strtoull                           
20013cc1  uDMAChannelAssign                  
20013665  uDMAChannelAttributeDisable        
200136c9  uDMAChannelAttributeEnable         
200141bd  uDMAChannelControlSet              
20014ae1  uDMAChannelEnable                  
20010ea9  uDMAChannelTransferSet             
20009e89  ucQueueGetQueueType                
20011acd  ulPortSetInterruptMask             
2000cfd1  unlink                             
2001010f  uxListRemove                       
20009e69  uxQueueGetQueueNumber              
20009dfd  uxQueueMessagesWaiting             
20009e33  uxQueueMessagesWaitingFromISR      
20009e13  uxQueueSpacesAvailable             
20005fb5  uxTaskGetNumberOfTasks             
20005fe5  uxTaskGetSystemState               
200064d5  uxTaskGetTaskNumber                
20005b31  uxTaskPriorityGet                  
20006a2d  uxTaskResetEventItemValue          
2000440d  vApplicationIdleHook               
20004419  vApplicationMallocFailedHook       
2000440f  vApplicationStackOverflowHook      
20004401  vApplicationTickHook               
20004403  vAssertCalled                      
2001002d  vListInitialise                    
2001005d  vListInitialiseItem                
200100a9  vListInsert                        
2001006d  vListInsertEnd                     
20011ae3  vPortClearInterruptMask            
20010411  vPortEndScheduler                  
20010425  vPortEnterCritical                 
2001043d  vPortExitCritical                  
20014251  vPortFree                          
20011b3d  vPortSVCHandler                    
20010471  vPortSetupTimerInterrupt           
20010413  vPortYield                         
2000a0a3  vQueueAddToRegistry                
20009e45  vQueueDelete                       
20009e77  vQueueSetQueueNumber               
2000a0e5  vQueueUnregisterQueue              
20005a47  vTaskDelay                         
200059ab  vTaskDelayUntil                    
2000591b  vTaskDelete                        
20005e99  vTaskEndScheduler                  
200064c7  vTaskMissedYield                   
2000625d  vTaskPlaceOnEventList              
200062c1  vTaskPlaceOnUnorderedEventList     
200069a3  vTaskPriorityDisinherit            
200068e9  vTaskPriorityInherit               
20005b69  vTaskPrioritySet                   
20005d61  vTaskResume                        
200064f5  vTaskSetTaskNumber                 
20006427  vTaskSetTimeOutState               
20005e4f  vTaskStartScheduler                
20005c6d  vTaskSuspend                       
20005eab  vTaskSuspendAll                    
200061dd  vTaskSwitchContext                 
2001295d  vsnprintf                          
200113e9  vsscanf                            
2000cf41  write                              
200052e9  write_callback                     
2001d324  xHigherPriorityTaskWoken           
20011af1  xPortPendSVHandler                 
200103e5  xPortStartScheduler                
20010455  xPortSysTickHandler                
2000a133  xQueueAddToSet                     
20009a65  xQueueAltGenericReceive            
200099b9  xQueueAltGenericSend               
2000988d  xQueueCreateCountingSemaphore      
2000980f  xQueueCreateMutex                  
2000a11f  xQueueCreateSet                    
20009799  xQueueGenericCreate                
20009bff  xQueueGenericReceive               
20009709  xQueueGenericReset                 
200098ad  xQueueGenericSend                  
20009b63  xQueueGenericSendFromISR           
2000a03f  xQueueIsQueueEmptyFromISR          
2000a081  xQueueIsQueueFullFromISR           
20009db9  xQueuePeekFromISR                  
20009d41  xQueueReceiveFromISR               
2001cde8  xQueueRegistry                     
2000a167  xQueueRemoveFromSet                
2000a1a9  xQueueSelectFromSet                
2000a1c3  xQueueSelectFromSetFromISR         
2001d328  xSimpleLinkSpawnQueue              
2001d32c  xSimpleLinkSpawnTaskHndl           
2000644d  xTaskCheckForTimeOut               
2000580d  xTaskGenericCreate                 
2000689d  xTaskGetCurrentTaskHandle          
200060a3  xTaskGetIdleTaskHandle             
200068b1  xTaskGetSchedulerState             
20005f89  xTaskGetTickCount                  
20005f9d  xTaskGetTickCountFromISR           
200060c1  xTaskIncrementTick                 
20006331  xTaskRemoveFromEventList           
200063b9  xTaskRemoveFromUnorderedEventList  
20005ebd  xTaskResumeAll                     
20005dd5  xTaskResumeFromISR                 


GLOBAL SYMBOLS: SORTED BY Symbol Address 

address   name                               
-------   ----                               
00004000  __STACK_SIZE                       
00004000  __SYSMEM_SIZE                      
20004000  g_pfnVectors                       
20004401  vApplicationTickHook               
20004403  vAssertCalled                      
2000440d  vApplicationIdleHook               
2000440f  vApplicationStackOverflowHook      
20004419  vApplicationMallocFailedHook       
200044c5  ReadAccSensor                      
2000459d  SimpleLinkWlanEventHandler         
200046f5  SimpleLinkNetAppEventHandler       
200049cf  SimpleLinkHttpServerCallback       
20004b9d  SimpleLinkGeneralEventHandler      
20004bc5  SimpleLinkSockEventHandler         
20004dc9  ConnectToNetwork                   
2000505d  AccSample                          
200050d9  SetAccAvg                          
200052e9  write_callback                     
20005329  read_callback                      
200053d9  GPIOs3IntHandler                   
200055c1  main                               
2000580d  xTaskGenericCreate                 
2000591b  vTaskDelete                        
200059ab  vTaskDelayUntil                    
20005a47  vTaskDelay                         
20005a9d  eTaskGetState                      
20005b31  uxTaskPriorityGet                  
20005b69  vTaskPrioritySet                   
20005c6d  vTaskSuspend                       
20005d61  vTaskResume                        
20005dd5  xTaskResumeFromISR                 
20005e4f  vTaskStartScheduler                
20005e99  vTaskEndScheduler                  
20005eab  vTaskSuspendAll                    
20005ebd  xTaskResumeAll                     
20005f89  xTaskGetTickCount                  
20005f9d  xTaskGetTickCountFromISR           
20005fb5  uxTaskGetNumberOfTasks             
20005fc1  pcTaskGetTaskName                  
20005fe5  uxTaskGetSystemState               
200060a3  xTaskGetIdleTaskHandle             
200060c1  xTaskIncrementTick                 
200061dd  vTaskSwitchContext                 
2000625d  vTaskPlaceOnEventList              
200062c1  vTaskPlaceOnUnorderedEventList     
20006331  xTaskRemoveFromEventList           
200063b9  xTaskRemoveFromUnorderedEventList  
20006427  vTaskSetTimeOutState               
2000644d  xTaskCheckForTimeOut               
200064c7  vTaskMissedYield                   
200064d5  uxTaskGetTaskNumber                
200064f5  vTaskSetTaskNumber                 
2000689d  xTaskGetCurrentTaskHandle          
200068b1  xTaskGetSchedulerState             
200068e9  vTaskPriorityInherit               
200069a3  vTaskPriorityDisinherit            
20006a2d  uxTaskResetEventItemValue          
20007805  __TI_printfi                       
20007b0d  exo_download_list_content          
20007c19  exo_download_get_content_info      
20007d27  exo_download_get_content           
20007e5f  exo_init                           
20007edd  exo_loop_start                     
20008351  exo_write                          
20008425  exo_read                           
200084e9  exo_subscribe                      
200089d5  build_msg_activate                 
20008a6f  convert_data_ports_to_read_string  
20008af7  build_msg_read                     
20008b71  convert_data_ports_to_write_string 
20008cc3  build_msg_write                    
20008d5b  build_msg_long_polling             
20008e63  build_msg_list_content             
20008ebd  build_msg_get_content_info         
20008f15  build_msg_get_content              
2000902f  parse_msg_read                     
200090fd  parse_rsp_status                   
200091cd  parse_cik_info                     
20009269  parse_content_list                 
200092fd  parse_content_info                 
2000937b  parse_content                      
20009709  xQueueGenericReset                 
20009799  xQueueGenericCreate                
2000980f  xQueueCreateMutex                  
2000988d  xQueueCreateCountingSemaphore      
200098ad  xQueueGenericSend                  
200099b9  xQueueAltGenericSend               
20009a65  xQueueAltGenericReceive            
20009b63  xQueueGenericSendFromISR           
20009bff  xQueueGenericReceive               
20009d41  xQueueReceiveFromISR               
20009db9  xQueuePeekFromISR                  
20009dfd  uxQueueMessagesWaiting             
20009e13  uxQueueSpacesAvailable             
20009e33  uxQueueMessagesWaitingFromISR      
20009e45  vQueueDelete                       
20009e69  uxQueueGetQueueNumber              
20009e77  vQueueSetQueueNumber               
20009e89  ucQueueGetQueueType                
2000a03f  xQueueIsQueueEmptyFromISR          
2000a081  xQueueIsQueueFullFromISR           
2000a0a3  vQueueAddToRegistry                
2000a0e5  vQueueUnregisterQueue              
2000a11f  xQueueCreateSet                    
2000a133  xQueueAddToSet                     
2000a167  xQueueRemoveFromSet                
2000a1a9  xQueueSelectFromSet                
2000a1c3  xQueueSelectFromSetFromISR         
2000a22d  exosite_pal_init                   
2000a2a3  exosite_pal_sock_connect           
2000a32d  exosite_pal_sock_is_connected      
2000a339  exosite_pal_sock_read              
2000a37d  exosite_pal_sock_write             
2000a3ad  exosite_pal_sock_close             
2000a3c1  exosite_pal_load_cik               
2000a449  exosite_pal_save_cik               
2000a4b5  exosite_pal_remove_cik             
2000a4d7  exosite_pal_timer_expired          
2000a5a3  exosite_pal_timer_countdown_ms     
2000a5bb  exosite_pal_timer_countdown        
2000a5e7  exosite_pal_timer_left_ms          
2000a609  exosite_pal_timer_init             
2000a619  exosite_pal_get_current_date_time  
2000b04d  __TI_scanfi                        
2000b4fd  _SlDrvMsgRead                      
2000bae9  pow                                
2000bf69  osi_InterruptRegister              
2000bf8f  osi_InterruptDeRegister            
2000bfa1  osi_SyncObjCreate                  
2000bfd1  osi_SyncObjDelete                  
2000bfeb  osi_SyncObjSignal                  
2000c013  osi_SyncObjSignalFromISR           
2000c04b  osi_SyncObjWait                    
2000c077  osi_SyncObjClear                   
2000c099  osi_LockObjCreate                  
2000c0bf  osi_TaskCreate                     
2000c0ff  osi_TaskDelete                     
2000c10d  osi_LockObjDelete                  
2000c11d  osi_LockObjLock                    
2000c149  osi_LockObjUnlock                  
2000c173  osi_Spawn                          
2000c1e1  VStartSimpleLinkSpawnTask          
2000c231  VDeleteSimpleLinkSpawnTask         
2000c25d  osi_MsgQCreate                     
2000c2a1  osi_MsgQDelete                     
2000c2bb  osi_MsgQWrite                      
2000c2ed  osi_MsgQRead                       
2000c329  mem_Malloc                         
2000c335  mem_Free                           
2000c341  mem_set                            
2000c355  mem_copy                           
2000c369  osi_EnterCritical                  
2000c373  osi_ExitCritical                   
2000c37d  osi_start                          
2000c385  osi_Sleep                          
2000c395  osi_TaskDisable                    
2000c39f  osi_TaskEnable                     
2000c3a9  osi_ContextSave                    
2000c3ab  osi_ContextRestore                 
2000c405  TMP006DrvOpen                      
2000c667  TMP006DrvGetTemp                   
2000c7d1  minit                              
2000c85f  malloc                             
2000c8c7  free                               
2000c989  realloc                            
2000ca95  memalign                           
2000cb79  calloc                             
2000cbe9  GPIO_IF_LedConfigure               
2000cc27  GPIO_IF_LedOn                      
2000ccdb  GPIO_IF_LedOff                     
2000cd8f  GPIO_IF_LedStatus                  
2000cdf9  GPIO_IF_LedToggle                  
2000ce27  GPIO_IF_GetPortNPin                
2000ce6d  GPIO_IF_ConfigureNIntEnable        
2000ceaf  GPIO_IF_Set                        
2000cee9  GPIO_IF_Get                        
2000cf41  write                              
2000cfd1  remove                             
2000cfd1  unlink                             
2000cff5  rename                             
2000d033  remove_device                      
2000d05b  read                               
2000d07f  open                               
2000d12d  lseek                              
2000d151  close                              
2000d1a1  add_device                         
2000d24d  _Log                               
2000d531  HOSTwrite                          
2000d57d  HOSTunlink                         
2000d5b5  HOSTtime                           
2000d5ef  HOSTrename                         
2000d64d  HOSTread                           
2000d699  HOSTopen                           
2000d6eb  HOSTlseek                          
2000d747  HOSTgetenv                         
2000d785  HOSTclose                          
2000d7bd  HOSTclock                          
2000d805  InitTerm                           
2000d823  InitUART1_UT61B                    
2000d841  Message                            
2000d863  ClearTerm                          
2000d86d  Error                              
2000d8a5  GetCmd                             
2000d95b  TrimSpace                          
2000d9f3  Report                             
2000db29  I2C_IF_Write                       
2000dbdf  I2C_IF_Read                        
2000dc9b  I2C_IF_ReadFrom                    
2000dce5  I2C_IF_Open                        
2000dd2d  I2C_IF_Close                       
2000dd45  _SlDrvRxHdrRead                    
2000df8d  strtod                             
2000e1c5  strtold                            
2000e3ed  _Exp                               
2000e5e9  __aeabi_uldivmod                   
2000e7dd  GetRegisterValue                   
2000e807  SetRegisterValue                   
2000e841  BlockRead                          
2000e877  BMA222Open                         
2000e899  BMA222Close                        
2000e89d  BMA222Read                         
2000e919  BMA222ReadNew                      
2000e9c9  strtoll                            
2000ebad  _SlDrvReleasePoolObj               
2000ed7d  _SlDrvMsgWrite                     
2000f011  __TI_cleanup                       
2000f03d  freopen                            
2000f067  fopen                              
2000f10d  __aeabi_dsub                       
2000f117  __aeabi_dadd                       
2000f2c5  _SlDrvWaitForPoolObj               
2000f455  _SlDrvDriverCBInit                 
2000f5c9  _SlFindAndSetActiveObj             
2000f739  strtoull                           
2000f8a5  sl_NetAppPingStart                 
2000fa0d  spi_Open                           
2000fb59  __aeabi_ddiv                       
2000fc91  PRCMCC3200MCUInit                  
2000fdc5  fputs                              
2000fed1  puts                               
2000fef9  strtol                             
2001002d  vListInitialise                    
2001005d  vListInitialiseItem                
2001006d  vListInsertEnd                     
200100a9  vListInsert                        
2001010f  uxListRemove                       
20010159  _SlDrvDataReadOp                   
20010281  strtoul                            
20010395  pxPortInitialiseStack              
200103e5  xPortStartScheduler                
20010411  vPortEndScheduler                  
20010413  vPortYield                         
20010425  vPortEnterCritical                 
2001043d  vPortExitCritical                  
20010455  xPortSysTickHandler                
20010471  vPortSetupTimerInterrupt           
200104a5  _Dscale                            
200105b5  sl_Connect                         
200106bd  sl_Send                            
200107c5  _SlDrvDataWriteOp                  
200108c9  sl_NetAppDnsGetHostByName          
200109cd  _SlDrvNetAppEventHandler           
20010acb  __aeabi_dmul                       
20010bc7  __aeabi_fsub                       
20010bcb  __aeabi_fadd                       
20010cc1  _SlDrvDriverCBDeinit               
20010db5  sl_FsRead                          
20010ea9  uDMAChannelTransferSet             
20010f99  sl_FsWrite                         
20011085  setvbuf                            
20011161  spi_Read                           
2001123d  _SlDrvClassifyRxMsg                
20011315  sl_Stop                            
200113e9  vsscanf                            
200113fb  sscanf                             
200114b5  SmartConfigConnect                 
2001151f  SmartConfigStop                    
20011581  _sl_HandleAsync_DnsGetHostByService
20011649  __TI_doflush                       
20011695  fflush                             
20011711  _SlRemoveFromList                  
200117d1  _Dint                              
20011891  _Dnorm                             
20011951  _SlDrvMsgReadCmdCtx                
20011a0d  sl_Start                           
20011acd  ulPortSetInterruptMask             
20011ae3  vPortClearInterruptMask            
20011af1  xPortPendSVHandler                 
20011b3d  vPortSVCHandler                    
20011b65  prvPortStartFirstTask              
20011b7d  portCLZ                            
20011b85  _SlAsyncEventGenericHandler        
20011c3d  SimpleLinkPingReport               
20011c55  ConnectionTest                     
20011cf5  __TI_wrt_ok                        
20011d57  __TI_rd_ok                         
20011da1  IntDisable                         
20011e49  IntEnable                          
20011ef1  sl_NetCfgGet                       
20011f99  SPIConfigSetExpClk                 
20012039  _SlDrvMsgReadSpawnCtx              
200120d5  __aeabi_memcpy                     
200120d5  __aeabi_memcpy4                    
200120d5  __aeabi_memcpy8                    
200120d5  memcpy                             
20012171  _sl_GetCreateFsMode                
20012209  __TI_closefile                     
2001226f  fclose                             
200122a1  fputc                              
200122a1  putc                               
20012325  putchar                            
20012339  PRCMPeripheralClockGet             
200123cd  snprintf                           
20012461  sl_WlanGet                         
200124f5  __aeabi_fdiv                       
20012589  sl_WlanSmartConfigStart            
20012731  _sl_HandleAsync_DnsGetHostByName   
200127bd  _sl_HandleAsync_PingResponse       
20012849  spi_Write                          
200128d5  PinConfigSet                       
2001295d  vsnprintf                          
200129e5  sl_FsClose                         
20012a6d  __aeabi_cdcmpeq                    
20012a6d  __aeabi_cdcmple                    
20012af3  __aeabi_cdrcmple                   
20012b79  I2CMasterInitExpClk                
20012bfd  NwpPowerOnPreamble                 
20012c81  GPIOIntTypeSet                     
20012d05  _SlDrvCmdOp                        
20012e85  _sl_HandleAsync_InitComplete       
20012f01  __aeabi_memclr                     
20012f01  __aeabi_memclr4                    
20012f01  __aeabi_memclr8                    
20012f03  __aeabi_memset                     
20012f03  __aeabi_memset4                    
20012f03  __aeabi_memset8                    
20012f09  memset                             
20012f7d  _sl_HandleAsync_Connect            
20012ff5  sl_FsOpen                          
2001306d  spi_Close                          
200130e5  UARTConfigSetExpClk                
2001315d  PinMuxConfig                       
200131d1  sl_Recv                            
2001324d  printf                             
200132b5  _SlDrvCmdSend                      
20013321  __TI_auto_init                     
200133f9  _sl_NetAppSendTokenValue           
20013461  __TI_writemsg                      
2001348f  C$$IO$$                            
20013493  __TI_readmsg                       
200134c9  sl_DevSet                          
20013531  sl_SetSockOpt                      
20013599  _Dunscale                          
20013601  fseek                              
20013665  uDMAChannelAttributeDisable        
200136c9  uDMAChannelAttributeEnable         
2001372d  _sl_HandleAsync_Accept             
2001378d  sprintf                            
200137ed  sl_WlanPolicySet                   
2001384d  sl_Socket                          
200138a9  IntPendClear                       
20013901  PRCMPeripheralReset                
20013959  ltoa                               
200139b1  IntPrioritySet                     
20013a05  _sl_HandleAsync_Select             
20013a59  _sl_HandleAsync_Stop               
20013aa9  sl_FsDel                           
20013af9  SPIIntEnable                       
20013b45  _SlDrvProtectAsyncRespSetting      
20013b91  _SlDrvRxIrqHandler                 
20013bdd  _sl_BuildAddress                   
20013c29  atoi                               
20013c75  copy_in                            
20013cc1  uDMAChannelAssign                  
20013d0d  __aeabi_d2f                        
20013d59  SPIIntClear                        
20013da1  _SlDrvBasicCmd                     
20013de9  __aeabi_d2iz                       
20013e31  __aeabi_l2f                        
20013e79  ldexp                              
20013f49  C$$EXIT                            
20013f4d  abort                              
20013f55  exit                               
20013f8d  sl_Htonl                           
20013fd1  PinModeSet                         
20014011  signal                             
20014051  strtok                             
20014091  CopyPingResultsToReport            
200140cd  PRCMPeripheralClkEnable            
20014109  _sl_TruncatePayloadByProtocol      
20014145  _c_int00                           
20014181  sl_Htons                           
200141bd  uDMAChannelControlSet              
200141f9  NwpPowerOff                        
20014231  pvPortMalloc                       
20014251  vPortFree                          
20014269  __aeabi_f2d                        
200142a1  __aeabi_f2iz                       
200142d9  __aeabi_i2f                        
20014311  GPIODirModeSet                     
20014349  PRCMPeripheralStatusGet            
2001437d  SPIFIFOLevelSet                    
200143b1  feraiseexcept                      
200143e5  __aeabi_f2uiz                      
20014419  strstr                             
2001444d  PinTypeGPIO                        
2001447d  UARTDisable                        
200144ad  _SlDrvDeviceEventHandler           
200144dd  _sl_Strlen                         
2001450d  strncpy                            
2001453d  _Feraise                           
2001456d  sl_Close                           
2001459d  sl_WlanSetMode                     
200145cd  __aeabi_i2d                        
200145fb  raise                              
20014629  DmaSpiSwIntHandler                 
20014655  I2CMasterErr                       
20014681  NwpPowerOn                         
200146ad  PRCMSysResetCauseGet               
200146d9  _nassert                           
200146db  _abort_msg                         
200146f1  _assert                            
20014705  strspn                             
2001472f  _Dclass                            
20014759  PRCMPeripheralClkDisable           
20014781  sl_NetAppStart                     
200147a9  sl_NetAppStop                      
200147d1  NwpRegisterInterruptHandler        
200147f9  IntUnregister                      
2001481d  UARTEnable                         
20014841  _SlDrvProtectionObjLockWaitForever 
20014865  memmove                            
20014889  strcspn                            
200148ad  GPIOIntStatus                      
200148cf  I2CMasterSlaveAddrSet              
200148f1  SPIReset                           
20014913  SPIWordCountSet                    
20014935  frexp                              
20014957  memcmp                             
20014979  GPIOPinWrite                       
20014999  IntRegister                        
200149b9  _SlDrvProtectionObjUnLock          
200149d9  memchr                             
200149f9  I2CMasterIntStatusEx               
20014a17  UARTCharPut                        
20014a53  PinTypeI2C                         
20014a6f  UARTCharGetNonBlocking             
20014a8b  _SlDrvObjLockWaitForever           
20014aa7  _SlDrvSyncObjWaitForever           
20014ac3  memccpy                            
20014ae1  uDMAChannelEnable                  
20014afd  GPIOIntDisable                     
20014b17  GPIOIntEnable                      
20014b31  PinTypeUART                        
20014b4b  SPIDmaDisable                      
20014b65  SPIDmaEnable                       
20014b7f  SPIFIFODisable                     
20014b99  SPIFIFOEnable                      
20014bb3  GPIOPinRead                        
20014bcb  SPICSDisable                       
20014be3  SPICSEnable                        
20014bfb  SPIDisable                         
20014c13  SPIEnable                          
20014c2b  UARTCharsAvail                     
20014c43  _SlDrvObjUnLock                    
20014c5b  _SlDrvSyncObjSignal                
20014c75  _sl_GetStartResponseConvert        
20014c8d  _args_main                         
20014ca5  __aeabi_lmul                       
20014cbd  strcmp                             
20014cd5  strrchr                            
20014ced  I2CMasterDataPut                   
20014d03  I2CMasterEnable                    
20014d19  PRCMHIBRegRead                     
20014d2f  PRCMHIBRegWrite                    
20014d45  _SlDrvMemZero                      
20014d5b  strchr                             
20014d71  CPUcpsie                           
20014d85  GPIOIntClear                       
20014d99  IntVTableBaseSet                   
20014dad  _register_unlock                   
20014db3  _register_lock                     
20014dbb  _nop                               
20014dc1  strcpy                             
20014dd5  strlen                             
20014de9  I2CMasterControl                   
20014dfb  I2CMasterIntClearEx                
20014e0d  I2CMasterTimeoutSet                
20014e1f  I2CMasterDataGet                   
20014e2d  _SlDrvResetCmdExt                  
20014e3b  __TI_decompress_none               
20014e49  ResetISR                           
20014e59  NwpMaskInterrupt                   
20014e65  NwpUnMaskInterrupt                 
20014e71  __TI_zero_init                     
20014e7d  sl_WlanSmartConfigStop             
20014e89  IntMasterEnable                    
20014e93  bzero                              
20014e9b  UtilsDelay                         
20014ea1  __TI_decompress_rle24              
20014ea7  log                                
20014ead  _system_pre_init                   
20014eb0  _ctypes_                           
20015478  OpcodeTranslateTable               
200154b4  _SlPolicySetCmdCtrl                
200154b8  _SlPolicyGetCmdCtrl                
200154bc  _SlProfileGetCmdCtrl               
200154c0  _SlProfileDelCmdCtrl               
200154c4  _SlWlanGetNetworkListCtrl          
200154c8  _SlRxFilterAddtCmdCtrl             
200154cc  _SlRxFilterSetCmdCtrl              
200154d0  _SlRxFilterGetCmdCtrl              
200154d4  _SlSmartConfigStartCmdCtrl         
200154d8  _SlWlanSetModeCmdCtrl              
200154dc  _SlWlanCfgSetCmdCtrl               
200154e0  _SlWlanCfgGetCmdCtrl               
200154f0  _SlActionLookupTable               
20015560  _SlFsOpenCmdCtrl                   
20015564  _SlFsCloseCmdCtrl                  
20015568  _SlFsReadCmdCtrl                   
2001556c  _SlFsWriteCmdCtrl                  
20015570  _SlFsGetInfoCmdCtrl                
20015574  _SlFsDeleteCmdCtrl                 
20015598  g_H2NSyncPattern                   
200155a0  g_H2NCnysPattern                   
200155a8  RxMsgClassLUT                      
200155cc  _SlSockSocketCmdCtrl               
200155d0  _SlSockCloseCmdCtrl                
200155d4  _SlRecvfomCmdCtrl                  
200155d8  _SlSendCmdCtrl                     
200155dc  _SlListenCmdCtrl                   
200155e0  _SlAcceptCmdCtrl                   
200155e4  _SlRecvCmdCtrl                     
200155e8  _SlSetSockOptCmdCtrl               
200155ec  _SlGetSockOptCmdCtrl               
200155f0  _SlSelectCmdCtrl                   
20015630  _SlNetAppStartCtrl                 
20015634  _SlNetAppStopCtrl                  
20015638  _SlGetServiceListeCtrl             
2001563c  _SlRegisterServiceCtrl             
20015640  _SlGetHostByServiceCtrl            
20015644  _SlGetHostByNameCtrl               
20015648  _SlNetAppSetCmdCtrl                
2001564c  _SlNetAppSendTokenValueCmdCtrl     
20015650  _SlNetAppGetCmdCtrl                
20015694  _SlStopCmdCtrl                     
20015698  _SlEventMaskSetCmdCtrl             
2001569c  _SlEventMaskGetCmdCtrl             
200156a0  _SlDeviceGetCmdCtrl                
200156a4  _SlDeviceSetCmdCtrl                
200156b9  _SlPayloadByProtocolLUT            
200156dc  StartResponseLUT                   
200156e4  _SlNetCfgSetCmdCtrl                
200156e8  _SlNetCfgGetCmdCtrl                
200156f0  __TI_static_base__                 
2001582c  __TI_Handler_Table_Base            
20015838  __TI_Handler_Table_Limit           
20015840  __TI_CINIT_Base                    
20015850  __TI_CINIT_Limit                   
20017000  _sys_memory                        
2001c918  g_StatMem                          
2001ca90  __CIOBUF_                          
2001cc78  __TI_tmpnams                       
2001cd98  g_ucDinDout                        
2001cde8  xQueueRegistry                     
2001ced0  DMAMsgQ                            
2001cee8  g_cDummy                           
2001cef8  RxIrqCnt                           
2001cef9  g_ucLED1Pin                        
2001cefa  g_ucLED2Pin                        
2001cefb  g_ucLED3Pin                        
2001cf00  _ftable                            
2001d170  _Denorm                            
2001d180  _Eps                               
2001d190  _Hugeval                           
2001d1a0  _Inf                               
2001d1b0  _Nan                               
2001d1c0  _Snan                              
2001d1d0  _Rteps                             
2001d1e0  _Xbig                              
2001d1e8  _Zero                              
2001d258  _FDenorm                           
2001d268  _FEps                              
2001d278  _FInf                              
2001d288  _FNan                              
2001d298  _FSnan                             
2001d2a8  _FRteps                            
2001d2b8  _FXbig                             
2001d2bc  _FZero                             
2001d2c0  pxCurrentTCB                       
2001d308  g_uiLED1Port                       
2001d30c  g_uiLED2Port                       
2001d310  g_uiLED3Port                       
2001d314  __TI_ft_end                        
2001d318  __aeabi_stdin                      
2001d31c  __aeabi_stdout                     
2001d320  __aeabi_stderr                     
2001d324  xHigherPriorityTaskWoken           
2001d328  xSimpleLinkSpawnQueue              
2001d32c  xSimpleLinkSpawnTaskHndl           
2001d33c  g_SpiFd                            
2001d340  g_pHostIntHdl                      
2001d344  g_ucDMAEnabled                     
2001d348  g_pCB                              
2001d34c  pPingCallBackFunc                  
2001d350  gFirstCmdMode                      
2001d354  g_uiPingPacketsRecv                
2001d358  g_uiPingDone                       
2001d35c  _lock                              
2001d360  _unlock                            
2001d364  __TI_cleanup_ptr                   
2001d368  __TI_dtors_ptr                     
2001d36c  _Fenv                              
2001d370  _Tls_setup__Fenv                   
2001d37c  _Errno                             
2001d384  main_func_sp                       
2002c000  __stack                            
20030000  __STACK_END                        
ffffffff  __binit__                          
ffffffff  __c_args__                         
ffffffff  binit                              
UNDEFED   SHT$$INIT_ARRAY$$Base              
UNDEFED   SHT$$INIT_ARRAY$$Limit             

[623 symbols]
